add some log
add some log
